// Jest Snapshot v1, https://goo.gl/fbAQLP

exports[`snapshot 1`] = `"<head><style type="text/css" data-styled-jsx="">button.jsx-2127578891{background:red;font-size:10px;}</style><style type="text/css" data-styled-jsx="">button.jsx-3131581416{background:red;font-size:20px;}</style></head><body><div><button class="jsx-2127578891 ">Test</button><button class="jsx-3131581416 ">Test</button></div></body>"`;
