// Jest Snapshot v1, https://goo.gl/fbAQLP

exports[`snapshot 1`] = `"<head><style data-styled="active" data-styled-version="6.1.4">.ffRcY{background:red;}</style></head><body><div id="root"><button class="src__Button-sc-bxs04t-0 ffRcY">Test</button></div></body>"`;
