// Jest Snapshot v1, https://goo.gl/fbAQLP

exports[`snapshot 1`] = `"<head><style data-styled="active" data-styled-version="6.1.4">.gvBoRY{background:red;font-size:10px;}.gvCcMv{background:red;font-size:20px;}</style></head><body><div><button class="parameterized__Button-sc-1xjci5z-0 gvBoRY">Test</button><button class="parameterized__Button-sc-1xjci5z-0 gvCcMv">Test</button></div></body>"`;
