// Jest Snapshot v1, https://goo.gl/fbAQLP

exports[`snapshot 1`] = `"<head><style data-emotion="css" data-s="">.css-156dkv2-Button{background:red;}/*# sourceMappingURL=data:application/json;charset=utf-8;base64,eyJ2ZXJzaW9uIjozLCJzb3VyY2VzIjpbImJhc2ljLnRzeCJdLCJuYW1lcyI6W10sIm1hcHBpbmdzIjoiQUFFNEIiLCJmaWxlIjoiYmFzaWMudHN4Iiwic291cmNlc0NvbnRlbnQiOlsiaW1wb3J0IHN0eWxlZCBmcm9tIFwiQGVtb3Rpb24vc3R5bGVkXCI7XG5cbmNvbnN0IEJ1dHRvbiA9IHN0eWxlZC5idXR0b25gXG4gIGJhY2tncm91bmQ6IHJlZDtcbmA7XG5cbmV4cG9ydCBkZWZhdWx0ICgpID0+IHtcbiAgcmV0dXJuIDxCdXR0b24+VGVzdDwvQnV0dG9uPjtcbn07XG4iXX0= */</style></head><body><div><button class="css-156dkv2-Button elofeil0">Test</button></div></body>"`;
