// Jest Snapshot v1, https://goo.gl/fbAQLP

exports[`snapshot 1`] = `"<head></head><body><div><button css="You have tried to stringify object returned from \`css\` function. It isn't supposed to be used directly (e.g. as value of the \`className\` prop), but rather handed to emotion so it can handle it (e.g. as value of \`css\` prop).">Test</button></div></body>"`;
