// Jest Snapshot v1, https://goo.gl/fbAQLP

exports[`snapshot 1`] = `"<head><style data-emotion="css" data-s="">.css-ysojgc-Button{background:red;font-size:10px;}/*# sourceMappingURL=data:application/json;charset=utf-8;base64,eyJ2ZXJzaW9uIjozLCJzb3VyY2VzIjpbInBhcmFtZXRlcml6ZWQudHN4Il0sIm5hbWVzIjpbXSwibWFwcGluZ3MiOiJBQUUrQyIsImZpbGUiOiJwYXJhbWV0ZXJpemVkLnRzeCIsInNvdXJjZXNDb250ZW50IjpbImltcG9ydCBzdHlsZWQgZnJvbSBcIkBlbW90aW9uL3N0eWxlZFwiO1xuXG5jb25zdCBCdXR0b24gPSBzdHlsZWQuYnV0dG9uPHsgJHNpemU6IG51bWJlciB9PmBcbiAgYmFja2dyb3VuZDogcmVkO1xuICBmb250LXNpemU6ICR7KHByb3BzKSA9PiBwcm9wcy4kc2l6ZX1weDtcbmA7XG5cbmV4cG9ydCBkZWZhdWx0ICgpID0+IHtcbiAgcmV0dXJuIDw+XG4gICAgPEJ1dHRvbiAkc2l6ZT17MTB9PlRlc3Q8L0J1dHRvbj5cbiAgICA8QnV0dG9uICRzaXplPXsyMH0+VGVzdDwvQnV0dG9uPlxuICA8Lz47XG59O1xuIl19 */</style><style data-emotion="css" data-s="">.css-1w0tima-Button{background:red;font-size:20px;}/*# sourceMappingURL=data:application/json;charset=utf-8;base64,eyJ2ZXJzaW9uIjozLCJzb3VyY2VzIjpbInBhcmFtZXRlcml6ZWQudHN4Il0sIm5hbWVzIjpbXSwibWFwcGluZ3MiOiJBQUUrQyIsImZpbGUiOiJwYXJhbWV0ZXJpemVkLnRzeCIsInNvdXJjZXNDb250ZW50IjpbImltcG9ydCBzdHlsZWQgZnJvbSBcIkBlbW90aW9uL3N0eWxlZFwiO1xuXG5jb25zdCBCdXR0b24gPSBzdHlsZWQuYnV0dG9uPHsgJHNpemU6IG51bWJlciB9PmBcbiAgYmFja2dyb3VuZDogcmVkO1xuICBmb250LXNpemU6ICR7KHByb3BzKSA9PiBwcm9wcy4kc2l6ZX1weDtcbmA7XG5cbmV4cG9ydCBkZWZhdWx0ICgpID0+IHtcbiAgcmV0dXJuIDw+XG4gICAgPEJ1dHRvbiAkc2l6ZT17MTB9PlRlc3Q8L0J1dHRvbj5cbiAgICA8QnV0dG9uICRzaXplPXsyMH0+VGVzdDwvQnV0dG9uPlxuICA8Lz47XG59O1xuIl19 */</style></head><body><div><button class="css-ysojgc-Button ede1k8e0">Test</button><button class="css-1w0tima-Button ede1k8e0">Test</button></div></body>"`;
